{
  "version": "1.5.0",
  "plugins_used": [
    {
      "name": "ArtifactoryDetector"
    },
    {
      "name": "AWSKeyDetector"
    },
    {
      "name": "AzureStorageKeyDetector"
    },
    {
      "name": "Base64HighEntropyString",
      "limit": 4.5
    },
    {
      "name": "BasicAuthDetector"
    },
    {
      "name": "CloudantDetector"
    },
    {
      "name": "DiscordBotTokenDetector"
    },
    {
      "name": "GitHubTokenDetector"
    },
    {
      "name": "GitLabTokenDetector"
    },
    {
      "name": "HexHighEntropyString",
      "limit": 3.0
    },
    {
      "name": "IbmCloudIamDetector"
    },
    {
      "name": "IbmCosHmacDetector"
    },
    {
      "name": "IPPublicDetector"
    },
    {
      "name": "JwtTokenDetector"
    },
    {
      "name": "KeywordDetector",
      "keyword_exclude": ""
    },
    {
      "name": "MailchimpDetector"
    },
    {
      "name": "NpmDetector"
    },
    {
      "name": "OpenAIDetector"
    },
    {
      "name": "PrivateKeyDetector"
    },
    {
      "name": "PypiTokenDetector"
    },
    {
      "name": "SendGridDetector"
    },
    {
      "name": "SlackDetector"
    },
    {
      "name": "SoftlayerDetector"
    },
    {
      "name": "SquareOAuthDetector"
    },
    {
      "name": "StripeDetector"
    },
    {
      "name": "TelegramBotTokenDetector"
    },
    {
      "name": "TwilioKeyDetector"
    }
  ],
  "filters_used": [
    {
      "path": "detect_secrets.filters.allowlist.is_line_allowlisted"
    },
    {
      "path": "detect_secrets.filters.common.is_baseline_file",
      "filename": ".secrets.baseline"
    },
    {
      "path": "detect_secrets.filters.common.is_ignored_due_to_verification_policies",
      "min_level": 2
    },
    {
      "path": "detect_secrets.filters.heuristic.is_indirect_reference"
    },
    {
      "path": "detect_secrets.filters.heuristic.is_likely_id_string"
    },
    {
      "path": "detect_secrets.filters.heuristic.is_lock_file"
    },
    {
      "path": "detect_secrets.filters.heuristic.is_not_alphanumeric_string"
    },
    {
      "path": "detect_secrets.filters.heuristic.is_potential_uuid"
    },
    {
      "path": "detect_secrets.filters.heuristic.is_prefixed_with_dollar_sign"
    },
    {
      "path": "detect_secrets.filters.heuristic.is_sequential_string"
    },
    {
      "path": "detect_secrets.filters.heuristic.is_swagger_file"
    },
    {
      "path": "detect_secrets.filters.heuristic.is_templated_secret"
    }
  ],
  "results": {
    "backend/app/services/c2.py": [
      {
        "type": "Hex High Entropy String",
        "filename": "backend/app/services/c2.py",
        "hashed_secret": "222900b3fde9452445aa21b9a293112628bd6753",
        "is_verified": false,
        "line_number": 65,
        "is_secret": false
      }
    ],
    "backend/tests/test_audit.py": [
      {
        "type": "Secret Keyword",
        "filename": "backend/tests/test_audit.py",
        "hashed_secret": "4aed7fb4eed446796c59ab3fd911e359f063ec83",
        "is_verified": false,
        "line_number": 115,
        "is_secret": false
      }
    ],
    "backend/tests/test_c2_webhook.py": [
      {
        "type": "Secret Keyword",
        "filename": "backend/tests/test_c2_webhook.py",
        "hashed_secret": "384fe1d34b50c8a4c8a9f630c81203e1f82e0f4a",
        "is_verified": false,
        "line_number": 59,
        "is_secret": false
      },
      {
        "type": "Secret Keyword",
        "filename": "backend/tests/test_c2_webhook.py",
        "hashed_secret": "093a36ca1c926769755db9bfaa99e81aedb29ba9",
        "is_verified": false,
        "line_number": 198,
        "is_secret": false
      }
    ],
    "backend/tests/test_defense_upgrades.py": [
      {
        "type": "Hex High Entropy String",
        "filename": "backend/tests/test_defense_upgrades.py",
        "hashed_secret": "244f421f896bdcdd2784dccf4eaf7c8dfd5189b5",
        "is_verified": false,
        "line_number": 67,
        "is_secret": false
      }
    ],
    "backend/tests/test_evidence_report.py": [
      {
        "type": "Hex High Entropy String",
        "filename": "backend/tests/test_evidence_report.py",
        "hashed_secret": "6d4e1153eefd8add00ea5f61f1a1c10ac3ce9423",
        "is_verified": false,
        "line_number": 167,
        "is_secret": false
      }
    ],
    "backend/tests/test_security.py": [
      {
        "type": "Secret Keyword",
        "filename": "backend/tests/test_security.py",
        "hashed_secret": "d8ecf7db8fc9ec9c31bc5c9ae2929cc599c75f8d",
        "is_verified": false,
        "line_number": 68,
        "is_secret": false
      }
    ],
    "backend/tests/test_universal_camera_suite.py": [
      {
        "type": "Secret Keyword",
        "filename": "backend/tests/test_universal_camera_suite.py",
        "hashed_secret": "8bb6118f8fd6935ad0876a3be34a717d32708ffd",
        "is_verified": false,
        "line_number": 46,
        "is_secret": false
      }
    ],
    "deploy/load/locustfile.py": [
      {
        "type": "Secret Keyword",
        "filename": "deploy/load/locustfile.py",
        "hashed_secret": "4aed7fb4eed446796c59ab3fd911e359f063ec83",
        "is_verified": false,
        "line_number": 26,
        "is_secret": false
      },
      {
        "type": "Secret Keyword",
        "filename": "deploy/load/locustfile.py",
        "hashed_secret": "bdab0e767bd375ad80e997ad8cca21e9d8977e21",
        "is_verified": false,
        "line_number": 67,
        "is_secret": false
      }
    ],
    "docs/c2_integration.md": [
      {
        "type": "Hex High Entropy String",
        "filename": "docs/c2_integration.md",
        "hashed_secret": "6d4e1153eefd8add00ea5f61f1a1c10ac3ce9423",
        "is_verified": false,
        "line_number": 62,
        "is_secret": false
      }
    ],
    "frontend/frames_data.js": [
      {
        "type": "Base64 High Entropy String",
        "filename": "frontend/frames_data.js",
        "hashed_secret": "08958f73d741547b732175120b3f38235b4778f5",
        "is_verified": false,
        "line_number": 1,
        "is_secret": false
      },
      {
        "type": "Base64 High Entropy String",
        "filename": "frontend/frames_data.js",
        "hashed_secret": "0df72f9c0103605faff4780af7874480e7ca7ea6",
        "is_verified": false,
        "line_number": 1,
        "is_secret": false
      },
      {
        "type": "Base64 High Entropy String",
        "filename": "frontend/frames_data.js",
        "hashed_secret": "0f40b583610af61b5b00598f0180a18e3570ab29",
        "is_verified": false,
        "line_number": 1,
        "is_secret": false
      },
      {
        "type": "Base64 High Entropy String",
        "filename": "frontend/frames_data.js",
        "hashed_secret": "198eb980951f09b07a0f6b863b545ea14aa0faf9",
        "is_verified": false,
        "line_number": 1,
        "is_secret": false
      },
      {
        "type": "Base64 High Entropy String",
        "filename": "frontend/frames_data.js",
        "hashed_secret": "1bc47db406eaced014571082c8daf0520a905d3c",
        "is_verified": false,
        "line_number": 1,
        "is_secret": false
      },
      {
        "type": "Base64 High Entropy String",
        "filename": "frontend/frames_data.js",
        "hashed_secret": "293fe9bfa685f630efb4b32d0021fac5f2f6dc46",
        "is_verified": false,
        "line_number": 1,
        "is_secret": false
      },
      {
        "type": "Base64 High Entropy String",
        "filename": "frontend/frames_data.js",
        "hashed_secret": "2b3396dafd9683ab2fdbd69f81ff9f17fa5d52e9",
        "is_verified": false,
        "line_number": 1,
        "is_secret": false
      },
      {
        "type": "Base64 High Entropy String",
        "filename": "frontend/frames_data.js",
        "hashed_secret": "2da4db9fc63580ce5a409febb65eef5c608917e3",
        "is_verified": false,
        "line_number": 1,
        "is_secret": false
      },
      {
        "type": "Base64 High Entropy String",
        "filename": "frontend/frames_data.js",
        "hashed_secret": "3510ac8770bc97c7592d3d32c61a2064ca5060e2",
        "is_verified": false,
        "line_number": 1,
        "is_secret": false
      },
      {
        "type": "Base64 High Entropy String",
        "filename": "frontend/frames_data.js",
        "hashed_secret": "3c37af988169cc67b995eed71c378bd37870a005",
        "is_verified": false,
        "line_number": 1,
        "is_secret": false
      },
      {
        "type": "Base64 High Entropy String",
        "filename": "frontend/frames_data.js",
        "hashed_secret": "53fb00c0a1d35e1a2821e4adf2defaa52fbb87eb",
        "is_verified": false,
        "line_number": 1,
        "is_secret": false
      },
      {
        "type": "Base64 High Entropy String",
        "filename": "frontend/frames_data.js",
        "hashed_secret": "585c72e10ee8364abeb5a0eada7663bc61812e16",
        "is_verified": false,
        "line_number": 1,
        "is_secret": false
      },
      {
        "type": "Base64 High Entropy String",
        "filename": "frontend/frames_data.js",
        "hashed_secret": "5a1463a738931792a204874823d450fa9c3e2d83",
        "is_verified": false,
        "line_number": 1,
        "is_secret": false
      },
      {
        "type": "Base64 High Entropy String",
        "filename": "frontend/frames_data.js",
        "hashed_secret": "5d1f10d6b315101db1283c9ed14968b3087a08df",
        "is_verified": false,
        "line_number": 1,
        "is_secret": false
      },
      {
        "type": "Base64 High Entropy String",
        "filename": "frontend/frames_data.js",
        "hashed_secret": "69d5aea4b6a4fbe1981aa07862fa8fdd284f4f0e",
        "is_verified": false,
        "line_number": 1,
        "is_secret": false
      },
      {
        "type": "Base64 High Entropy String",
        "filename": "frontend/frames_data.js",
        "hashed_secret": "6f67f0818dc9ced09b703695baccd35187045a67",
        "is_verified": false,
        "line_number": 1,
        "is_secret": false
      },
      {
        "type": "Base64 High Entropy String",
        "filename": "frontend/frames_data.js",
        "hashed_secret": "703593f3e2979056d841a8ecc9f142fad91980ad",
        "is_verified": false,
        "line_number": 1,
        "is_secret": false
      },
      {
        "type": "Base64 High Entropy String",
        "filename": "frontend/frames_data.js",
        "hashed_secret": "728b28bc0bee0be288e5aff9472617c3574a7c11",
        "is_verified": false,
        "line_number": 1,
        "is_secret": false
      },
      {
        "type": "Base64 High Entropy String",
        "filename": "frontend/frames_data.js",
        "hashed_secret": "7956fdf250b2c306e1bb9df137ad057bf9d7e77a",
        "is_verified": false,
        "line_number": 1,
        "is_secret": false
      },
      {
        "type": "Base64 High Entropy String",
        "filename": "frontend/frames_data.js",
        "hashed_secret": "7d56918f38a6bdc348b0d5313ebe0170df52ae25",
        "is_verified": false,
        "line_number": 1,
        "is_secret": false
      },
      {
        "type": "Base64 High Entropy String",
        "filename": "frontend/frames_data.js",
        "hashed_secret": "86abbfd4199db22448c2cabce30fc67579cf997a",
        "is_verified": false,
        "line_number": 1,
        "is_secret": false
      },
      {
        "type": "Base64 High Entropy String",
        "filename": "frontend/frames_data.js",
        "hashed_secret": "8c1adbc4da1f85685fdfe8d2a04995fdf76d0c3a",
        "is_verified": false,
        "line_number": 1,
        "is_secret": false
      },
      {
        "type": "Base64 High Entropy String",
        "filename": "frontend/frames_data.js",
        "hashed_secret": "9336332637807e03db8bd9e66ef71d088759e8b4",
        "is_verified": false,
        "line_number": 1,
        "is_secret": false
      },
      {
        "type": "Base64 High Entropy String",
        "filename": "frontend/frames_data.js",
        "hashed_secret": "9429508a4ea40e0f5e409767d7dd7216af26f7a7",
        "is_verified": false,
        "line_number": 1,
        "is_secret": false
      },
      {
        "type": "Base64 High Entropy String",
        "filename": "frontend/frames_data.js",
        "hashed_secret": "9afc93b782a190d757f7732e349d281ef560f124",
        "is_verified": false,
        "line_number": 1,
        "is_secret": false
      },
      {
        "type": "Base64 High Entropy String",
        "filename": "frontend/frames_data.js",
        "hashed_secret": "a3c080e9cbfe10bf4c9280edf71fed7440ba1edb",
        "is_verified": false,
        "line_number": 1,
        "is_secret": false
      },
      {
        "type": "Base64 High Entropy String",
        "filename": "frontend/frames_data.js",
        "hashed_secret": "a3c0c5edf0a8ace2ffe6ccbf64310baf1baa27ad",
        "is_verified": false,
        "line_number": 1,
        "is_secret": false
      },
      {
        "type": "Base64 High Entropy String",
        "filename": "frontend/frames_data.js",
        "hashed_secret": "a6a6d7d480b37ced630b15f7fbb15d2375bfa7af",
        "is_verified": false,
        "line_number": 1,
        "is_secret": false
      },
      {
        "type": "Base64 High Entropy String",
        "filename": "frontend/frames_data.js",
        "hashed_secret": "aeb3572182ebfa704606ca5198f9121c6d1d5399",
        "is_verified": false,
        "line_number": 1,
        "is_secret": false
      },
      {
        "type": "Base64 High Entropy String",
        "filename": "frontend/frames_data.js",
        "hashed_secret": "b366a263e2432e9eeee8bc9fdfa6e0b35caa72f7",
        "is_verified": false,
        "line_number": 1,
        "is_secret": false
      },
      {
        "type": "Base64 High Entropy String",
        "filename": "frontend/frames_data.js",
        "hashed_secret": "bb87315e40471f3a409f83f5e156af28137bf279",
        "is_verified": false,
        "line_number": 1,
        "is_secret": false
      },
      {
        "type": "Base64 High Entropy String",
        "filename": "frontend/frames_data.js",
        "hashed_secret": "c477fbd73fd37db5ba374b0ef6baf78b593f64d7",
        "is_verified": false,
        "line_number": 1,
        "is_secret": false
      },
      {
        "type": "Base64 High Entropy String",
        "filename": "frontend/frames_data.js",
        "hashed_secret": "c4c3acb6edecfbb9afd4e8f501f596c08feaffc1",
        "is_verified": false,
        "line_number": 1,
        "is_secret": false
      },
      {
        "type": "Base64 High Entropy String",
        "filename": "frontend/frames_data.js",
        "hashed_secret": "c694e34f9f53e8f182ca1b2c4fdd231f8b70ca8b",
        "is_verified": false,
        "line_number": 1,
        "is_secret": false
      },
      {
        "type": "Base64 High Entropy String",
        "filename": "frontend/frames_data.js",
        "hashed_secret": "cb169d099122f2c2405efec84ff4bac36a8d2780",
        "is_verified": false,
        "line_number": 1,
        "is_secret": false
      },
      {
        "type": "Base64 High Entropy String",
        "filename": "frontend/frames_data.js",
        "hashed_secret": "d81d15f52b7d685c9414eb4a9f01e96b5056bad4",
        "is_verified": false,
        "line_number": 1,
        "is_secret": false
      },
      {
        "type": "Base64 High Entropy String",
        "filename": "frontend/frames_data.js",
        "hashed_secret": "d94bdd20340cd0a743b0192318634bf07844ade2",
        "is_verified": false,
        "line_number": 1,
        "is_secret": false
      },
      {
        "type": "Base64 High Entropy String",
        "filename": "frontend/frames_data.js",
        "hashed_secret": "db1227b2a9fdd2cabd254304882e32e5361515e4",
        "is_verified": false,
        "line_number": 1,
        "is_secret": false
      },
      {
        "type": "Base64 High Entropy String",
        "filename": "frontend/frames_data.js",
        "hashed_secret": "e495340361ef88b8bcc44364fd3e6f6c04f99984",
        "is_verified": false,
        "line_number": 1,
        "is_secret": false
      },
      {
        "type": "Base64 High Entropy String",
        "filename": "frontend/frames_data.js",
        "hashed_secret": "e6f04ddde8efd12decd854b421950c33e449f44f",
        "is_verified": false,
        "line_number": 1,
        "is_secret": false
      },
      {
        "type": "Base64 High Entropy String",
        "filename": "frontend/frames_data.js",
        "hashed_secret": "e7b64b6b98bfc8a3871d53b6d0269d7fe541bc12",
        "is_verified": false,
        "line_number": 1,
        "is_secret": false
      },
      {
        "type": "Base64 High Entropy String",
        "filename": "frontend/frames_data.js",
        "hashed_secret": "eab123e73787df6e5fb0c5f5d04b2dd09fb685fd",
        "is_verified": false,
        "line_number": 1,
        "is_secret": false
      },
      {
        "type": "Base64 High Entropy String",
        "filename": "frontend/frames_data.js",
        "hashed_secret": "ead87653f00801297137439e6b2c1b63308f07f7",
        "is_verified": false,
        "line_number": 1,
        "is_secret": false
      },
      {
        "type": "Base64 High Entropy String",
        "filename": "frontend/frames_data.js",
        "hashed_secret": "eadcfee4a24f57baf1f386659db288c3fea04fec",
        "is_verified": false,
        "line_number": 1,
        "is_secret": false
      },
      {
        "type": "Base64 High Entropy String",
        "filename": "frontend/frames_data.js",
        "hashed_secret": "eec75dd8fdc1cadbbd91e1900e54b88493613145",
        "is_verified": false,
        "line_number": 1,
        "is_secret": false
      },
      {
        "type": "Base64 High Entropy String",
        "filename": "frontend/frames_data.js",
        "hashed_secret": "f2221882264cc843765ae282f5d0ef298541e70c",
        "is_verified": false,
        "line_number": 1,
        "is_secret": false
      },
      {
        "type": "Base64 High Entropy String",
        "filename": "frontend/frames_data.js",
        "hashed_secret": "f24c3057953c578a624e7584837b06efe1d418d7",
        "is_verified": false,
        "line_number": 1,
        "is_secret": false
      },
      {
        "type": "Base64 High Entropy String",
        "filename": "frontend/frames_data.js",
        "hashed_secret": "f69b52c5cd4864f8834240f7586210530c44acc4",
        "is_verified": false,
        "line_number": 1,
        "is_secret": false
      },
      {
        "type": "Base64 High Entropy String",
        "filename": "frontend/frames_data.js",
        "hashed_secret": "fabe74f78ff4253498fbc2fc756f62ceae5f9afc",
        "is_verified": false,
        "line_number": 1,
        "is_secret": false
      },
      {
        "type": "Base64 High Entropy String",
        "filename": "frontend/frames_data.js",
        "hashed_secret": "fb1390397687486c782f5e9cef0eb3176aa5d9e9",
        "is_verified": false,
        "line_number": 1,
        "is_secret": false
      }
    ],
    "frontend/live_detect.html": [
      {
        "type": "Base64 High Entropy String",
        "filename": "frontend/live_detect.html",
        "hashed_secret": "10f6ca06039868ea7038a144936b7ce946275225",
        "is_verified": false,
        "line_number": 51,
        "is_secret": false
      },
      {
        "type": "Base64 High Entropy String",
        "filename": "frontend/live_detect.html",
        "hashed_secret": "181b2c7f5e462d686912026d30b7174cd56b5aa1",
        "is_verified": false,
        "line_number": 51,
        "is_secret": false
      },
      {
        "type": "Base64 High Entropy String",
        "filename": "frontend/live_detect.html",
        "hashed_secret": "1a9d4d26fcfa6fe4b073bfdb7eef1f0e40daa696",
        "is_verified": false,
        "line_number": 51,
        "is_secret": false
      },
      {
        "type": "Base64 High Entropy String",
        "filename": "frontend/live_detect.html",
        "hashed_secret": "20a9ae7143f1c0c8dc9fdee1516baba1a1161a58",
        "is_verified": false,
        "line_number": 51,
        "is_secret": false
      },
      {
        "type": "Base64 High Entropy String",
        "filename": "frontend/live_detect.html",
        "hashed_secret": "2893514ea938eee2d2629d78ccf24783f93cb45d",
        "is_verified": false,
        "line_number": 51,
        "is_secret": false
      },
      {
        "type": "Base64 High Entropy String",
        "filename": "frontend/live_detect.html",
        "hashed_secret": "2a2dfda26ef71160d0bde1a2dfae7f0397dbc47c",
        "is_verified": false,
        "line_number": 51,
        "is_secret": false
      },
      {
        "type": "Base64 High Entropy String",
        "filename": "frontend/live_detect.html",
        "hashed_secret": "2c215ab29f923dc65de30d82e4159b0a2bda9a9c",
        "is_verified": false,
        "line_number": 51,
        "is_secret": false
      },
      {
        "type": "Base64 High Entropy String",
        "filename": "frontend/live_detect.html",
        "hashed_secret": "2f55e95bd02f5bafbfc53765bca7ab86e54e0927",
        "is_verified": false,
        "line_number": 51,
        "is_secret": false
      },
      {
        "type": "Base64 High Entropy String",
        "filename": "frontend/live_detect.html",
        "hashed_secret": "35bb88d6c011b14141bc2d2eaa740f1a5a6bceb8",
        "is_verified": false,
        "line_number": 51,
        "is_secret": false
      },
      {
        "type": "Base64 High Entropy String",
        "filename": "frontend/live_detect.html",
        "hashed_secret": "3d15b3be06f3697deca9343058e295103268717e",
        "is_verified": false,
        "line_number": 51,
        "is_secret": false
      },
      {
        "type": "Base64 High Entropy String",
        "filename": "frontend/live_detect.html",
        "hashed_secret": "40afc17153c33163a1f3d64255be6da370e4080b",
        "is_verified": false,
        "line_number": 51,
        "is_secret": false
      },
      {
        "type": "Base64 High Entropy String",
        "filename": "frontend/live_detect.html",
        "hashed_secret": "41dbe9178291e4c63bf40fe03f99d278a67a3886",
        "is_verified": false,
        "line_number": 51,
        "is_secret": false
      },
      {
        "type": "Base64 High Entropy String",
        "filename": "frontend/live_detect.html",
        "hashed_secret": "475943a2a9ef5dbbe6bd0367c3825d1ce5acf87c",
        "is_verified": false,
        "line_number": 51,
        "is_secret": false
      },
      {
        "type": "Base64 High Entropy String",
        "filename": "frontend/live_detect.html",
        "hashed_secret": "49092f629cc7c121562d736ee982aa4447a50ae7",
        "is_verified": false,
        "line_number": 51,
        "is_secret": false
      },
      {
        "type": "Base64 High Entropy String",
        "filename": "frontend/live_detect.html",
        "hashed_secret": "4d1e865f469a5fc0abe87a89bee77f91f5064712",
        "is_verified": false,
        "line_number": 51,
        "is_secret": false
      },
      {
        "type": "Base64 High Entropy String",
        "filename": "frontend/live_detect.html",
        "hashed_secret": "5cc1b5f24ba3fe5e11a67d57af69666114407a3c",
        "is_verified": false,
        "line_number": 51,
        "is_secret": false
      },
      {
        "type": "Base64 High Entropy String",
        "filename": "frontend/live_detect.html",
        "hashed_secret": "64125b292106cf8ca1dbe9e8c0cd12b8a2b2c138",
        "is_verified": false,
        "line_number": 51,
        "is_secret": false
      },
      {
        "type": "Base64 High Entropy String",
        "filename": "frontend/live_detect.html",
        "hashed_secret": "76b39214851f0989d9297484783aa9980f51087b",
        "is_verified": false,
        "line_number": 51,
        "is_secret": false
      },
      {
        "type": "Base64 High Entropy String",
        "filename": "frontend/live_detect.html",
        "hashed_secret": "864e2a57ca7db1793adeb59fd02ac3723a9400fe",
        "is_verified": false,
        "line_number": 51,
        "is_secret": false
      },
      {
        "type": "Base64 High Entropy String",
        "filename": "frontend/live_detect.html",
        "hashed_secret": "8791714cdb9dce1514137db03250a15f8f985318",
        "is_verified": false,
        "line_number": 51,
        "is_secret": false
      },
      {
        "type": "Base64 High Entropy String",
        "filename": "frontend/live_detect.html",
        "hashed_secret": "8a8d477c61ad4eac186c0283a4f92aa360452c63",
        "is_verified": false,
        "line_number": 51,
        "is_secret": false
      },
      {
        "type": "Base64 High Entropy String",
        "filename": "frontend/live_detect.html",
        "hashed_secret": "8f96984799eb0719a55b1436af23b4c6f5149eb5",
        "is_verified": false,
        "line_number": 51,
        "is_secret": false
      },
      {
        "type": "Base64 High Entropy String",
        "filename": "frontend/live_detect.html",
        "hashed_secret": "9530041222c7231bfb04ff392a1b36768fbfc186",
        "is_verified": false,
        "line_number": 51,
        "is_secret": false
      },
      {
        "type": "Base64 High Entropy String",
        "filename": "frontend/live_detect.html",
        "hashed_secret": "953fd6451355a9ef7fa3d17678a7a0e0b7acd9bb",
        "is_verified": false,
        "line_number": 51,
        "is_secret": false
      },
      {
        "type": "Base64 High Entropy String",
        "filename": "frontend/live_detect.html",
        "hashed_secret": "95d261fc4c71d0230ee87b0d4811f67f466bb620",
        "is_verified": false,
        "line_number": 51,
        "is_secret": false
      },
      {
        "type": "Base64 High Entropy String",
        "filename": "frontend/live_detect.html",
        "hashed_secret": "a0a71c4ec1bc6a9b6710fa72d684de995c00f704",
        "is_verified": false,
        "line_number": 51,
        "is_secret": false
      },
      {
        "type": "Base64 High Entropy String",
        "filename": "frontend/live_detect.html",
        "hashed_secret": "a43b94b8939f0b6e40a3a2ccf84fb6e39cb87955",
        "is_verified": false,
        "line_number": 51,
        "is_secret": false
      },
      {
        "type": "Base64 High Entropy String",
        "filename": "frontend/live_detect.html",
        "hashed_secret": "a796a80467588141220316720ac3d460e7226215",
        "is_verified": false,
        "line_number": 51,
        "is_secret": false
      },
      {
        "type": "Base64 High Entropy String",
        "filename": "frontend/live_detect.html",
        "hashed_secret": "b4a59c26fc3f62cd07a948f8c6ca00b06889d2bd",
        "is_verified": false,
        "line_number": 51,
        "is_secret": false
      },
      {
        "type": "Base64 High Entropy String",
        "filename": "frontend/live_detect.html",
        "hashed_secret": "bc358b968d0c7bf8dfd83fe53e2bee4b7bdc0e71",
        "is_verified": false,
        "line_number": 51,
        "is_secret": false
      },
      {
        "type": "Base64 High Entropy String",
        "filename": "frontend/live_detect.html",
        "hashed_secret": "c4dabc188ce4ba76f55aa72f6d15fc29a7416ed8",
        "is_verified": false,
        "line_number": 51,
        "is_secret": false
      },
      {
        "type": "Base64 High Entropy String",
        "filename": "frontend/live_detect.html",
        "hashed_secret": "cd51e4ca3360bf70ee2ada0dd707574f49fad277",
        "is_verified": false,
        "line_number": 51,
        "is_secret": false
      },
      {
        "type": "Base64 High Entropy String",
        "filename": "frontend/live_detect.html",
        "hashed_secret": "cef5006638866a9b44bc0eb390aff9b24b8cd34c",
        "is_verified": false,
        "line_number": 51,
        "is_secret": false
      },
      {
        "type": "Base64 High Entropy String",
        "filename": "frontend/live_detect.html",
        "hashed_secret": "d61baf447344246ff83c00749d75a1aa46223487",
        "is_verified": false,
        "line_number": 51,
        "is_secret": false
      },
      {
        "type": "Base64 High Entropy String",
        "filename": "frontend/live_detect.html",
        "hashed_secret": "da38ef0cd3ca5f80dbf8670c3df0c033ea869c5b",
        "is_verified": false,
        "line_number": 51,
        "is_secret": false
      },
      {
        "type": "Base64 High Entropy String",
        "filename": "frontend/live_detect.html",
        "hashed_secret": "e54e30c8b8d31fcafced04a88b9d5f51734a5a70",
        "is_verified": false,
        "line_number": 51,
        "is_secret": false
      },
      {
        "type": "Base64 High Entropy String",
        "filename": "frontend/live_detect.html",
        "hashed_secret": "ed098e0a90521d51209df5f570b59c6b145569cc",
        "is_verified": false,
        "line_number": 51,
        "is_secret": false
      },
      {
        "type": "Base64 High Entropy String",
        "filename": "frontend/live_detect.html",
        "hashed_secret": "ee7ab3a69128b659a406dc3334730d3ba54848e3",
        "is_verified": false,
        "line_number": 51,
        "is_secret": false
      },
      {
        "type": "Base64 High Entropy String",
        "filename": "frontend/live_detect.html",
        "hashed_secret": "f02f5b3e00dd2346957c7148418edd5c510d242c",
        "is_verified": false,
        "line_number": 51,
        "is_secret": false
      },
      {
        "type": "Base64 High Entropy String",
        "filename": "frontend/live_detect.html",
        "hashed_secret": "f226945ca41c7ec437598627b9c628c21d5da2b6",
        "is_verified": false,
        "line_number": 51,
        "is_secret": false
      }
    ],
    "frontend/src/components/LegalCertificateModal.tsx": [
      {
        "type": "Hex High Entropy String",
        "filename": "frontend/src/components/LegalCertificateModal.tsx",
        "hashed_secret": "244f421f896bdcdd2784dccf4eaf7c8dfd5189b5",
        "is_verified": false,
        "line_number": 229,
        "is_secret": false
      }
    ],
    "frontend/src/views/IncidentTriageView.tsx": [
      {
        "type": "Hex High Entropy String",
        "filename": "frontend/src/views/IncidentTriageView.tsx",
        "hashed_secret": "244f421f896bdcdd2784dccf4eaf7c8dfd5189b5",
        "is_verified": false,
        "line_number": 601,
        "is_secret": false
      }
    ],
    "frontend/src/views/LiveMonitorView.tsx": [
      {
        "type": "Hex High Entropy String",
        "filename": "frontend/src/views/LiveMonitorView.tsx",
        "hashed_secret": "244f421f896bdcdd2784dccf4eaf7c8dfd5189b5",
        "is_verified": false,
        "line_number": 387,
        "is_secret": false
      },
      {
        "type": "Basic Auth Credentials",
        "filename": "frontend/src/views/LiveMonitorView.tsx",
        "hashed_secret": "f865b53623b121fd34ee5426c792e5c33af8c227",
        "is_verified": false,
        "line_number": 957,
        "is_secret": false
      },
      {
        "type": "Basic Auth Credentials",
        "filename": "frontend/src/views/LiveMonitorView.tsx",
        "hashed_secret": "9d4e1e23bd5b727046a9e3b4b7db57bd8d6ee684",
        "is_verified": false,
        "line_number": 1393,
        "is_secret": false
      }
    ],
    "frontend/tests/e2e_tactical_flow.test.mjs": [
      {
        "type": "Secret Keyword",
        "filename": "frontend/tests/e2e_tactical_flow.test.mjs",
        "hashed_secret": "4aed7fb4eed446796c59ab3fd911e359f063ec83",
        "is_verified": false,
        "line_number": 6,
        "is_secret": false
      },
      {
        "type": "Hex High Entropy String",
        "filename": "frontend/tests/e2e_tactical_flow.test.mjs",
        "hashed_secret": "9010fe091ace30090c9db33165cf7e7ee08c0cfb",
        "is_verified": false,
        "line_number": 134,
        "is_secret": false
      }
    ],
    "frontend/tests/tactical_suite.test.mjs": [
      {
        "type": "Hex High Entropy String",
        "filename": "frontend/tests/tactical_suite.test.mjs",
        "hashed_secret": "244f421f896bdcdd2784dccf4eaf7c8dfd5189b5",
        "is_verified": false,
        "line_number": 58,
        "is_secret": false
      }
    ],
    "scripts/verify_real_pipeline.py": [
      {
        "type": "Secret Keyword",
        "filename": "scripts/verify_real_pipeline.py",
        "hashed_secret": "093a36ca1c926769755db9bfaa99e81aedb29ba9",
        "is_verified": false,
        "line_number": 372,
        "is_secret": false
      },
      {
        "type": "Secret Keyword",
        "filename": "scripts/verify_real_pipeline.py",
        "hashed_secret": "a5e938dfba19e31a02c7b76961c5ec95e44acdb2",
        "is_verified": false,
        "line_number": 511,
        "is_secret": false
      },
      {
        "type": "Hex High Entropy String",
        "filename": "scripts/verify_real_pipeline.py",
        "hashed_secret": "6d4e1153eefd8add00ea5f61f1a1c10ac3ce9423",
        "is_verified": false,
        "line_number": 515,
        "is_secret": false
      }
    ]
  },
  "generated_at": "2026-09-21T05:14:16Z"
}
